// Jest Snapshot v1, https://goo.gl/fbAQLP

exports[`SampleComponent renders 1`] = `
<h1>
  Hi, I'm SampleComponent!
</h1>
`;
